// Jest Snapshot v1, https://goo.gl/fbAQLP

exports[`Should render ExpenseSummary correctly 1`] = `
<div>
  <h3>
     Viewing 
    3
     expenses totalling 
    60
  </h3>
</div>
`;
