// Jest Snapshot v1, https://goo.gl/fbAQLP

exports[`should render expense list  1`] = `
<div>
  <ExpenseListItem
    amount={10}
    createdAt={0}
    description="Gum"
    id="1"
    key="1"
    note=""
  />
  <ExpenseListItem
    amount={20}
    createdAt={-345600000}
    description="Rent"
    id="2"
    key="2"
    note=""
  />
  <ExpenseListItem
    amount={30}
    createdAt={345600000}
    description="Credit card"
    id="3"
    key="3"
    note=""
  />
</div>
`;

exports[`should render expense list empty  1`] = `
<div>
  <p>
    No Expenses :(
  </p>
</div>
`;
