// Jest Snapshot v1, https://goo.gl/fbAQLP

exports[`Should render list item  1`] = `
<div>
  <[object Object]
    to="/edit/1"
  >
    <h3>
      Gum
    </h3>
  </[object Object]>
  <p>
    10
    -
    0
  </p>
</div>
`;
